// Jest Snapshot v1, https://goo.gl/fbAQLP

exports[`renders correctly 1`] = `
<main
  className="bg-white  font-open-sans"
>
  <div
    className="container mx-auto px-8 py-8 lg:py-10 relative flex flex-col lg:flex-row items-center"
  >
    <div
      className="lg:w-1/2 bg-white p-6 rounded-xl flex flex-col items-center lg:items-start"
    >
      <h1
        className="text-center p-2 text-3xl sm:text-3xl font-thin font-sans font-roboto text-black leading-tight mb-4"
      >
        home.HeroSection.mission
        <strong
          className="mt-4 font-black text-3xl text-blue-700 sm:text-4xl block"
        >
          home.HeroSection.help
        </strong>
      </h1>
      <p
        className="text-center  sm:text-lg text-gray-500 leading-relaxed"
      >
        home.HeroSection.text
      </p>
      <div
        className="self-center mt-8"
      >
        <a
          className="bg-orange-400 text-center hover:bg-orange-600 mt-8 py-3 px-8 text-lg rounded-full font-bold uppercase text-white tracking-widest"
          href="/meals"
          onClick={[Function]}
          onMouseEnter={[Function]}
          onTouchStart={[Function]}
        >
          home.HeroSection.donate
        </a>
      </div>
    </div>
    <div>
      <img
        alt="helping"
        src="images/home/slider/slider3.png"
      />
    </div>
  </div>
</main>
`;
