// Jest Snapshot v1, https://goo.gl/fbAQLP

exports[`rend correctement 1`] = `
<main
  class="bg-white  font-open-sans"
>
  <div
    class="container mx-auto px-8 py-8 lg:py-10 relative flex flex-col lg:flex-row items-center"
  >
    <div
      class="lg:w-1/2 bg-white p-6 rounded-xl flex flex-col items-center lg:items-start"
    >
      <h1
        class="text-center p-2 text-3xl sm:text-3xl font-light text-black leading-tight mb-4"
      >
         
        We are on a mission to combat hunger
        <strong
          class="mt-4 font-black text-3xl text-blue-700 sm:text-4xl block"
        >
          You can help too!
        </strong>
      </h1>
      <p
        class="text-center  sm:text-lg text-gray-500 leading-relaxed"
      >
        Please support our cause with a small donation today! People are dying from hanger and every dollar counts and brings us closer to our fundraising goal. Thank you for your generosity!.
      </p>
      <div
        className="self-center mt-8"
      >
        <a
          className="bg-orange-400 text-center hover:bg-orange-600 mt-8 py-3 px-8 text-lg rounded-full font-bold uppercase text-white tracking-widest"
          href="/meals"
          onClick={[Function]}
          onMouseEnter={[Function]}
          onTouchStart={[Function]}
        >
          Donate Now
        </a>
      </div>
    </div>
    <div
      class=""
    >
      <img
        alt="helping"
        src="images/home/slider/slider3.png"
      />
    </div>
  </div>
</main>
`;
