// Jest Snapshot v1, https://goo.gl/fbAQLP

exports[`rend correctement 1`] = `
<div
  class="max-w-screen-xl mx-auto flex h-full  my-20 p-10 items-center justify-center  bg-[#19288a] bg-opacity-85"
>
  <div
    class="w-full rounded-lg bg-white px-8 py-16 shadow-md m-4"
  >
    <div
      class="px-1 py-4"
    >
      <h3
        className=" mb-6 text-2xl text-center font-bold leading-none tracking-tight text-[#192655] sm:text-3xl md:mx-auto"
      >
        home.ourSponsors
      </h3>
    </div>
    <ul
      class="grid grid-cols-2 lg:grid-cols-6 sm:grid-cols-3 gap-2 px-1"
    />
  </div>
</div>
`;
