// Jest Snapshot v1, https://goo.gl/fbAQLP

exports[`renders correctly 1`] = `
<div
  className="dark:text-white flex flex-col justify-center lg:py-5 md:py-5 overflow-hidden w-80  transition-shadow duration-300 rounded"
>
  <img
    alt="Sample Title 1"
    className="rounded-xl object-cover w-full h-56"
    src="https://images.pexels.com/photos/932638/pexels-photo-932638.jpeg?auto=compress&cs=tinysrgb&dpr=3&h=750&w=1260"
  />
  <div
    className="py-2"
  >
    <p
      className="w-80 text-stone-900 text-xl font-medium capitalize line-clamp-2"
    >
      Sample Title 1
    </p>
  </div>
  <div
    className="flex justify-between items-center my-1"
  >
    <a
      className="text-teal-500 inline-flex items-center md:mb-2 lg:mb-0"
      href="/blogs/blog/1"
      onClick={[Function]}
      onMouseEnter={[Function]}
      onTouchStart={[Function]}
    >
      <button
        className="bg-orange-400 hover:bg-orange-600 active:bg-green-800 px-4 py-2 rounded-md text-white font-medium font-Outfit"
      />
    </a>
    <div
      className="flex"
    >
      <span
        className="text-gray-600 dark:text-white inline-flex items-center lg:ml-auto md:ml-0 ml-auto leading-none text-md"
      >
        2023-10-31
      </span>
    </div>
  </div>
</div>
`;
