// Jest Snapshot v1, https://goo.gl/fbAQLP

exports[`renders correctly 1`] = `
<section
  className="bg-blue-950 bg-opacity-90"
>
  <div
    className="max-w-screen-xl px-4 py-8 mx-auto space-y-8 overflow-hidden sm:px-6 lg:px-8"
  >
    <nav
      className="flex flex-wrap justify-center space-x-8 -mx-5 -my-2"
    >
      <div
        className="px-5 py-2"
      >
        <a
          href="/about"
          onClick={[Function]}
          onMouseEnter={[Function]}
          onTouchStart={[Function]}
        >
          <p
            className="text-base leading-6 text-white hover:text-gray-900 cursor-pointer"
          >
            footer.home
          </p>
        </a>
      </div>
      <div
        className="px-5 py-2"
      >
        <a
          href="/blogs"
          onClick={[Function]}
          onMouseEnter={[Function]}
          onTouchStart={[Function]}
        >
          <p
            className="text-base leading-6 text-white hover:text-gray-900 cursor-pointer"
          >
            footer.blog
          </p>
        </a>
      </div>
      <div
        className="px-5 py-2"
      >
        <a
          href="/team"
          onClick={[Function]}
          onMouseEnter={[Function]}
          onTouchStart={[Function]}
        >
          <p
            className="text-base leading-6 text-white hover:text-gray-900 cursor-pointer"
          >
            footer.meals
          </p>
        </a>
      </div>
      <div
        className="px-5 py-2"
      >
        <a
          href="/aboutus"
          onClick={[Function]}
          onMouseEnter={[Function]}
          onTouchStart={[Function]}
        >
          <p
            className="text-base leading-6 text-white hover:text-gray-900 cursor-pointer"
          >
            footer.aboutUs
          </p>
        </a>
      </div>
    </nav>
    <div
      className="mt-8 text-base leading-6 text-center text-white"
    >
      <div
        className="flex flex-col items-center justify-center"
      >
        <img
          alt="Logo"
          className="w-16 h-16"
          src="/images/home/Navbar/sidebarLogoWhite.png"
        />
        <span>
           
          footer.copyright
        </span>
      </div>
    </div>
  </div>
</section>
`;
