// Jest Snapshot v1, https://goo.gl/fbAQLP

exports[`renders correctly 1`] = `
<div
  className="px-4 py-16 mx-auto sm:max-w-xl md:max-w-full lg:max-w-screen-xl md:px-24 lg:px-24 lg:py-12"
>
  <div
    className="flex flex-col items-center justify-between lg:flex-row"
  >
    <div
      className="mb-10 lg:max-w-lg lg:px-5 lg:mb-0"
    >
      <div
        className="max-w-xl mb-6"
      >
        <h2
          className="dark:text-white max-w-lg mb-6 font-sans text-3xl font-bold tracking-tight text-gray-900 sm:text-4xl sm:leading-none line-clamp-2"
        >
          Sample Title 1
        </h2>
        <p
          className="text-base dark:text-white sm:text-xl text-gray-700 md:text-lg line-clamp-4"
        >
          Sample Content 1
        </p>
        <div>
          <a
            className="flex "
            href="blogs/story/1"
            onClick={[Function]}
            onMouseEnter={[Function]}
            onTouchStart={[Function]}
          >
            <p
              className="text-base flex text-teal-500 font-bold no-underline hover:underline py-4"
            >
              <span />
              <svg
                className="w-4 h-4 ml-1 mt-1"
                fill="none"
                stroke="currentColor"
                strokeLinecap="round"
                strokeLinejoin="round"
                strokeWidth="2"
                viewBox="0 0 24 24"
              >
                <path
                  d="M5 12h14"
                />
                <path
                  d="M12 5l7 7-7 7"
                />
              </svg>
            </p>
          </a>
        </div>
      </div>
    </div>
    <div
      className="relative lg:w-1/2"
    >
      <img
        alt=""
        className="object-cover w-full h-full rounded shadow-lg sm:h-96"
        src="/images/fatoom_in_yemen.png"
      />
    </div>
  </div>
</div>
`;
