// Jest Snapshot v1, https://goo.gl/fbAQLP

exports[`renders correctly 1`] = `
<div
  className="px-4 py-16 mx-auto sm:max-w-xl md:max-w-full lg:max-w-screen-xl md:px-6 lg:px-12 lg:py-12"
>
  <div
    className="max-w-6xl mx-auto p-4 sm:px-6 h-full antialiased"
  >
    <a
      href="blogs/story/1"
      onClick={[Function]}
      onMouseEnter={[Function]}
      onTouchStart={[Function]}
    >
      <article
        className="group max-w-sm mx-auto md:max-w-none grid md:grid-cols-2 gap-6 md:gap-8 lg:gap-12 xl:gap-16 items-center"
      >
        <div
          className="relative block  "
        >
          <div
            aria-hidden="true"
            className="absolute inset-0 bg-orange-300 hidden md:block transform md:translate-y-2 md:translate-x-4 xl:translate-y-4 xl:translate-x-8 group-hover:translate-x-0 group-hover:translate-y-0 transition duration-700 ease-out pointer-events-none"
          />
          <figure
            className="relative h-0 pb-[56.25%] md:pb-[75%] lg:pb-[56.25%] overflow-hidden transform md:-translate-y-2 xl:-translate-y-4 group-hover:translate-x-0 group-hover:translate-y-0 transition duration-700 ease-out"
          >
            <img
              alt="Sample Title 1"
              className="absolute inset-0 w-full h-full object-cover transform hover:scale-105 transition duration-700 ease-out"
              height="303"
              src="/images/fatoom_in_yemen.png"
              width="540"
            />
          </figure>
        </div>
        <div>
          <div
            className="order-1"
          >
            <h3
              className="text-2xl lg:text-3xl font-bold leading-tight mb-2 group-hover:text-blue-700 transition duration-150 ease-in-out text-blue-600"
            >
              Sample Title 1
            </h3>
            <p
              className="text-lg text-gray-400 flex-grow line-clamp-3"
            >
              Sample Content 1
            </p>
             
          </div>
        </div>
      </article>
       
    </a>
  </div>
</div>
`;
