// Jest Snapshot v1, https://goo.gl/fbAQLP

exports[`renders correctly 1`] = `
<div
  className="overflow-x-auto"
>
  <div
    className="py-4 mx-4 md:mx-6"
  >
    <div
      className="mt-4 pb-4 flex space-x-3 border-b border-gray-200 dark:border-gray-700"
    >
      <div
        className="tracking-wider font-light font-roboto"
      >
        History
      </div>
      <div>
        <svg
          className="fill-stroke text-gray-600 dark:text-white"
          fill="none"
          height={20}
          viewBox="0 0 20 20"
          width={20}
          xmlns="http://www.w3.org/2000/svg"
        >
          <path
            d="M9 17C13.4183 17 17 13.4183 17 9C17 4.58172 13.4183 1 9 1C4.58172 1 1 4.58172 1 9C1 13.4183 4.58172 17 9 17Z"
            stroke="currentColor"
            strokeLinecap="round"
            strokeLinejoin="round"
            strokeWidth="1.25"
          />
          <path
            d="M19.0004 19.0004L14.6504 14.6504"
            stroke="currentColor"
            strokeLinecap="round"
            strokeLinejoin="round"
            strokeWidth="1.25"
          />
        </svg>
      </div>
      <input
        className="focus:outline-none bg-transparent w-full text-sm text-gray-600"
        onChange={[Function]}
        placeholder="Search for the donor's name"
        type="text"
      />
    </div>
  </div>
  <div
    className="inline-block min-w-full py-2 "
  >
    <div
      className="overflow-hidden"
    >
      <table
        className="min-w-full text-center text-sm font-light"
      >
        <thead
          className="border-b bg-blue-300 bg-opacity-50 font-medium text-Black dark:border-neutral-500 dark:bg-neutral-900"
        >
          <tr>
            <th
              className=" px-6 py-4"
              scope="col"
            >
              history.Doner
            </th>
            <th
              className=" px-6 py-4"
              scope="col"
            >
              history.Meal
            </th>
            <th
              className=" px-6 py-4"
              scope="col"
            >
              history.Quantity
            </th>
            <th
              className=" px-6 py-4"
              scope="col"
            >
              history.Price
            </th>
            <th
              className=" px-6 py-4"
              scope="col"
            >
              history.Date
            </th>
            <th
              className=" px-6 py-4"
              scope="col"
            >
              history.UsedMeals
            </th>
          </tr>
        </thead>
        <tbody />
      </table>
    </div>
  </div>
</div>
`;
