// Jest Snapshot v1, https://goo.gl/fbAQLP

exports[`renders correctly 1`] = `
<div>
  <div
    className="py-4 mx-4 md:mx-6"
  >
    <div
      className="mt-4 pb-4 flex space-x-3 border-b border-gray-200 dark:border-gray-700"
    >
      <div>
        <svg
          className="fill-stroke text-gray-600 dark:text-white"
          fill="none"
          height={20}
          viewBox="0 0 20 20"
          width={20}
          xmlns="http://www.w3.org/2000/svg"
        >
          <path
            d="M9 17C13.4183 17 17 13.4183 17 9C17 4.58172 13.4183 1 9 1C4.58172 1 1 4.58172 1 9C1 13.4183 4.58172 17 9 17Z"
            stroke="currentColor"
            strokeLinecap="round"
            strokeLinejoin="round"
            strokeWidth="1.25"
          />
          <path
            d="M19.0004 19.0004L14.6504 14.6504"
            stroke="currentColor"
            strokeLinecap="round"
            strokeLinejoin="round"
            strokeWidth="1.25"
          />
        </svg>
      </div>
      <input
        className="focus:outline-none w-full bg-transparent text-sm text-gray-600"
        onChange={[Function]}
        placeholder="mealsPage.Search"
        type="text"
      />
    </div>
  </div>
  <div
    className="mb-5"
  >
    <ul
      aria-label="Pagination"
      className="flex items-center justify-center space-x-2"
      role="navigation"
    >
      <li
        className="previous cursor-not-allowed opacity-50"
      >
        <a
          aria-disabled="true"
          aria-label="Previous page"
          className="px-4 py-2 bg-blue-500 text-white rounded-full hover:bg-blue-700 "
          onClick={[Function]}
          onKeyPress={[Function]}
          rel="prev"
          role="button"
          tabIndex="-1"
        >
          Previous
        </a>
      </li>
      <li
        className="next"
      >
        <a
          aria-disabled="false"
          aria-label="Next page"
          className="px-4 py-2 bg-blue-500 text-white rounded-full hover:bg-blue-700"
          onClick={[Function]}
          onKeyPress={[Function]}
          rel="next"
          role="button"
          tabIndex="0"
        >
          Next
        </a>
      </li>
    </ul>
  </div>
</div>
`;
