// Jest Snapshot v1, https://goo.gl/fbAQLP

exports[`renders correctly 1`] = `
<div
  className="rounded-2xl p-4 border-2 flex justify-between items-center w-full "
>
  <div
    className="flex items-center justify-between space-x-3"
  >
    <img
      className="w-14 h-14 rounded-full"
      src="https://viaplaceholder.com/56x56"
    />
    <div
      className="text-3xl font-[Changa] text-blue-700 leading-relaxed"
    >
      Restaurant
    </div>
  </div>
  <div
    className="text-blue-950 text-xl font-bold leading-relaxed "
  >
    <div>
      <button
        className="block text-blue-950 hover:bg-gray-200 hover:text-gray-900 font-medium rounded-lg text-sm px-5 py-2.5 text-center "
        data-modal-target="default-modal"
        data-modal-toggle="default-modal"
        onClick={[Function]}
        type="button"
      >
        mealsPage.show_meals
      </button>
    </div>
  </div>
</div>
`;
